# GKE benchmark summary: gke-20260925-final

SLO: p99 <= 50 ms, achieved >= 95% of target rate, errors (non-2xx, timeouts and dropped requests) <= 1% of target. 5 repetition(s); tables show per-repetition values and medians. Tester metrics cover each 30 s stage minus its first 5 s. App CPU comes from cAdvisor over a 150 s window centred on each stage, because cAdvisor timestamps lag by ~10-15 s (accuracy about +/-0.1 core; it smooths the knee). Throttling uses the stage itself.

## GET /api/devices

![get chart](get.png)

### Max rate within SLO (RPS)

| Framework | Rep 1 | Rep 2 | Rep 3 | Rep 4 | Rep 5 | Median | Median peak achieved RPS |
|---|---|---|---|---|---|---|---|
| fasthttp | 80,000 | 75,000 | 80,000 | 80,000 | 75,000 | 80,000 | 85,463 |
| fiber | 75,000 | 75,000 | 75,000 | 70,000 | 80,000 | 75,000 | 79,926 |
| echo | 50,000 | 50,000 | 50,000 | 50,000 | 50,000 | 50,000 | 54,809 |
| stdlib | 50,000 | 50,000 | 50,000 | 50,000 | 45,000 | 50,000 | 53,588 |
| chi | 50,000 | 45,000 | 50,000 | 50,000 | 50,000 | 50,000 | 53,532 |
| gin | 45,000 | 50,000 | 50,000 | 45,000 | 45,000 | 45,000 | 51,782 |

### Peak achieved RPS by node (median; runs in parentheses)

| Framework | gke-bench-apps-2978ac17-5dh9 | gke-bench-apps-2978ac17-rd8n | Ratio |
|---|---|---|---|
| chi | 53,670 (3) | 51,222 (2) | 1.048 |
| echo | 55,028 (3) | 52,707 (2) | 1.044 |
| fasthttp | 87,807 (3) | 81,860 (2) | 1.073 |
| fiber | 84,506 (1) | 79,164 (4) | 1.067 |
| gin | 53,199 (2) | 51,533 (3) | 1.032 |
| stdlib | 54,904 (3) | 52,137 (2) | 1.053 |

Median node ratio across frameworks: 1.050.
Run-to-run noise (median max/min - 1 of the same framework on the same node, 11 groups): 0.8%. Node-effect spread across frameworks (half range of the ratios): 2.0%. Significance threshold for a node-free ratio: 2 x noise + spread = 3.6%.

### Crossover comparisons (pairs measured in both node orders)

Peak ratio A/B with A on each node; the geometric mean cancels the average node effect. A difference is claimed only if the node-free ratio differs from 1 by more than the significance threshold above; otherwise it is reported as not significant.

| A | B | A on gke-bench-apps-2978ac17-5dh9 | A on gke-bench-apps-2978ac17-rd8n | Node-free A/B | Decision |
|---|---|---|---|---|---|
| chi | stdlib | 1.028 (2) | 0.944 (2) | **0.985** | not significant |
analyze exit 0
validate exit 0
