Copying file:///tmp/e2e-stdlib to gs://go-bench-15205-results/e2evar/20260925-092024-rep/bin/stdlib
  
.......
Copying file:///tmp/e2e-loadtester to gs://go-bench-15205-results/e2evar/20260925-092024-rep/bin/loadtester
  
........

Average throughput: 57.1MiB/s
Created [https://www.googleapis.com/compute/v1/projects/go-bench-15205/zones/us-central1-a/instances/e2e-5092024-client].
09:20:46 client e2e-5092024-client (n2-standard-2, us-central1-a)
Created [https://www.googleapis.com/compute/v1/projects/go-bench-15205/zones/us-central1-a/instances/e2e-5092024-app1].
Copying file://- to gs://go-bench-15205-results/e2evar/20260925-092024-rep/jobs/e2e-5092024-app1-r1
  
....
Copying gs://go-bench-15205-results/e2evar/20260925-092024-rep/results/e2e-5092024-app1-r1/snap_0.txt to file://../../results/e2evar-20260925-092024-rep/e2e-5092024-app1-r1/snap_0.txt
Copying gs://go-bench-15205-results/e2evar/20260925-092024-rep/results/e2e-5092024-app1-r1/snap_1.txt to file://../../results/e2evar-20260925-092024-rep/e2e-5092024-app1-r1/snap_1.txt
  
Copying gs://go-bench-15205-results/e2evar/20260925-092024-rep/results/e2e-5092024-app1-r1/snap_2.txt to file://../../results/e2evar-20260925-092024-rep/e2e-5092024-app1-r1/snap_2.txt
Copying gs://go-bench-15205-results/e2evar/20260925-092024-rep/results/e2e-5092024-app1-r1/snap_3.txt to file://../../results/e2evar-20260925-092024-rep/e2e-5092024-app1-r1/snap_3.txt
Copying gs://go-bench-15205-results/e2evar/20260925-092024-rep/results/e2e-5092024-app1-r1/snap_4.txt to file://../../results/e2evar-20260925-092024-rep/e2e-5092024-app1-r1/snap_4.txt
Copying gs://go-bench-15205-results/e2evar/20260925-092024-rep/results/e2e-5092024-app1-r1/snap_5.txt to file://../../results/e2evar-20260925-092024-rep/e2e-5092024-app1-r1/snap_5.txt
Copying gs://go-bench-15205-results/e2evar/20260925-092024-rep/results/e2e-5092024-app1-r1/snap_6.txt to file://../../results/e2evar-20260925-092024-rep/e2e-5092024-app1-r1/snap_6.txt
Copying gs://go-bench-15205-results/e2evar/20260925-092024-rep/results/e2e-5092024-app1-r1/snap_7.txt to file://../../results/e2evar-20260925-092024-rep/e2e-5092024-app1-r1/snap_7.txt
Copying gs://go-bench-15205-results/e2evar/20260925-092024-rep/results/e2e-5092024-app1-r1/snap_8.txt to file://../../results/e2evar-20260925-092024-rep/e2e-5092024-app1-r1/snap_8.txt
Copying gs://go-bench-15205-results/e2evar/20260925-092024-rep/results/e2e-5092024-app1-r1/snap_9.txt to file://../../results/e2evar-20260925-092024-rep/e2e-5092024-app1-r1/snap_9.txt
Copying gs://go-bench-15205-results/e2evar/20260925-092024-rep/results/e2e-5092024-app1-r1/snap_end.txt to file://../../results/e2evar-20260925-092024-rep/e2e-5092024-app1-r1/snap_end.txt
Copying gs://go-bench-15205-results/e2evar/20260925-092024-rep/results/e2e-5092024-app1-r1/tester.log to file://../../results/e2evar-20260925-092024-rep/e2e-5092024-app1-r1/tester.log
...

Average throughput: 4.4MiB/s
Copying file://- to gs://go-bench-15205-results/e2evar/20260925-092024-rep/jobs/e2e-5092024-app1-r2
  
....
Copying gs://go-bench-15205-results/e2evar/20260925-092024-rep/results/e2e-5092024-app1-r2/snap_0.txt to file://../../results/e2evar-20260925-092024-rep/e2e-5092024-app1-r2/snap_0.txt
Copying gs://go-bench-15205-results/e2evar/20260925-092024-rep/results/e2e-5092024-app1-r2/snap_1.txt to file://../../results/e2evar-20260925-092024-rep/e2e-5092024-app1-r2/snap_1.txt
  
Copying gs://go-bench-15205-results/e2evar/20260925-092024-rep/results/e2e-5092024-app1-r2/snap_2.txt to file://../../results/e2evar-20260925-092024-rep/e2e-5092024-app1-r2/snap_2.txt
Copying gs://go-bench-15205-results/e2evar/20260925-092024-rep/results/e2e-5092024-app1-r2/snap_3.txt to file://../../results/e2evar-20260925-092024-rep/e2e-5092024-app1-r2/snap_3.txt
Copying gs://go-bench-15205-results/e2evar/20260925-092024-rep/results/e2e-5092024-app1-r2/snap_4.txt to file://../../results/e2evar-20260925-092024-rep/e2e-5092024-app1-r2/snap_4.txt
Copying gs://go-bench-15205-results/e2evar/20260925-092024-rep/results/e2e-5092024-app1-r2/snap_5.txt to file://../../results/e2evar-20260925-092024-rep/e2e-5092024-app1-r2/snap_5.txt
Copying gs://go-bench-15205-results/e2evar/20260925-092024-rep/results/e2e-5092024-app1-r2/snap_6.txt to file://../../results/e2evar-20260925-092024-rep/e2e-5092024-app1-r2/snap_6.txt
Copying gs://go-bench-15205-results/e2evar/20260925-092024-rep/results/e2e-5092024-app1-r2/snap_7.txt to file://../../results/e2evar-20260925-092024-rep/e2e-5092024-app1-r2/snap_7.txt
Copying gs://go-bench-15205-results/e2evar/20260925-092024-rep/results/e2e-5092024-app1-r2/snap_8.txt to file://../../results/e2evar-20260925-092024-rep/e2e-5092024-app1-r2/snap_8.txt
Copying gs://go-bench-15205-results/e2evar/20260925-092024-rep/results/e2e-5092024-app1-r2/snap_9.txt to file://../../results/e2evar-20260925-092024-rep/e2e-5092024-app1-r2/snap_9.txt
Copying gs://go-bench-15205-results/e2evar/20260925-092024-rep/results/e2e-5092024-app1-r2/snap_end.txt to file://../../results/e2evar-20260925-092024-rep/e2e-5092024-app1-r2/snap_end.txt
Copying gs://go-bench-15205-results/e2evar/20260925-092024-rep/results/e2e-5092024-app1-r2/tester.log to file://../../results/e2evar-20260925-092024-rep/e2e-5092024-app1-r2/tester.log
...

Average throughput: 2.5MiB/s
Copying file://- to gs://go-bench-15205-results/e2evar/20260925-092024-rep/jobs/e2e-5092024-app1-r3
  
....
Copying gs://go-bench-15205-results/e2evar/20260925-092024-rep/results/e2e-5092024-app1-r3/snap_0.txt to file://../../results/e2evar-20260925-092024-rep/e2e-5092024-app1-r3/snap_0.txt
Copying gs://go-bench-15205-results/e2evar/20260925-092024-rep/results/e2e-5092024-app1-r3/snap_1.txt to file://../../results/e2evar-20260925-092024-rep/e2e-5092024-app1-r3/snap_1.txt
  
Copying gs://go-bench-15205-results/e2evar/20260925-092024-rep/results/e2e-5092024-app1-r3/snap_2.txt to file://../../results/e2evar-20260925-092024-rep/e2e-5092024-app1-r3/snap_2.txt
Copying gs://go-bench-15205-results/e2evar/20260925-092024-rep/results/e2e-5092024-app1-r3/snap_3.txt to file://../../results/e2evar-20260925-092024-rep/e2e-5092024-app1-r3/snap_3.txt
Copying gs://go-bench-15205-results/e2evar/20260925-092024-rep/results/e2e-5092024-app1-r3/snap_4.txt to file://../../results/e2evar-20260925-092024-rep/e2e-5092024-app1-r3/snap_4.txt
Copying gs://go-bench-15205-results/e2evar/20260925-092024-rep/results/e2e-5092024-app1-r3/snap_5.txt to file://../../results/e2evar-20260925-092024-rep/e2e-5092024-app1-r3/snap_5.txt
Copying gs://go-bench-15205-results/e2evar/20260925-092024-rep/results/e2e-5092024-app1-r3/snap_6.txt to file://../../results/e2evar-20260925-092024-rep/e2e-5092024-app1-r3/snap_6.txt
Copying gs://go-bench-15205-results/e2evar/20260925-092024-rep/results/e2e-5092024-app1-r3/snap_7.txt to file://../../results/e2evar-20260925-092024-rep/e2e-5092024-app1-r3/snap_7.txt
Copying gs://go-bench-15205-results/e2evar/20260925-092024-rep/results/e2e-5092024-app1-r3/snap_8.txt to file://../../results/e2evar-20260925-092024-rep/e2e-5092024-app1-r3/snap_8.txt
Copying gs://go-bench-15205-results/e2evar/20260925-092024-rep/results/e2e-5092024-app1-r3/snap_9.txt to file://../../results/e2evar-20260925-092024-rep/e2e-5092024-app1-r3/snap_9.txt
Copying gs://go-bench-15205-results/e2evar/20260925-092024-rep/results/e2e-5092024-app1-r3/snap_end.txt to file://../../results/e2evar-20260925-092024-rep/e2e-5092024-app1-r3/snap_end.txt
Copying gs://go-bench-15205-results/e2evar/20260925-092024-rep/results/e2e-5092024-app1-r3/tester.log to file://../../results/e2evar-20260925-092024-rep/e2e-5092024-app1-r3/tester.log
...

Average throughput: 7.9MiB/s
Deleted [https://www.googleapis.com/compute/v1/projects/go-bench-15205/zones/us-central1-a/instances/e2e-5092024-app1].
09:29:46 done e2e-5092024-app1 (Intel Cascade Lake)
Created [https://www.googleapis.com/compute/v1/projects/go-bench-15205/zones/us-central1-a/instances/e2e-5092024-app2].
Copying file://- to gs://go-bench-15205-results/e2evar/20260925-092024-rep/jobs/e2e-5092024-app2-r1
  
..................
Copying gs://go-bench-15205-results/e2evar/20260925-092024-rep/results/e2e-5092024-app2-r1/snap_0.txt to file://../../results/e2evar-20260925-092024-rep/e2e-5092024-app2-r1/snap_0.txt
Copying gs://go-bench-15205-results/e2evar/20260925-092024-rep/results/e2e-5092024-app2-r1/snap_1.txt to file://../../results/e2evar-20260925-092024-rep/e2e-5092024-app2-r1/snap_1.txt
  
Copying gs://go-bench-15205-results/e2evar/20260925-092024-rep/results/e2e-5092024-app2-r1/snap_2.txt to file://../../results/e2evar-20260925-092024-rep/e2e-5092024-app2-r1/snap_2.txt
Copying gs://go-bench-15205-results/e2evar/20260925-092024-rep/results/e2e-5092024-app2-r1/snap_3.txt to file://../../results/e2evar-20260925-092024-rep/e2e-5092024-app2-r1/snap_3.txt
Copying gs://go-bench-15205-results/e2evar/20260925-092024-rep/results/e2e-5092024-app2-r1/snap_4.txt to file://../../results/e2evar-20260925-092024-rep/e2e-5092024-app2-r1/snap_4.txt
Copying gs://go-bench-15205-results/e2evar/20260925-092024-rep/results/e2e-5092024-app2-r1/snap_5.txt to file://../../results/e2evar-20260925-092024-rep/e2e-5092024-app2-r1/snap_5.txt
Copying gs://go-bench-15205-results/e2evar/20260925-092024-rep/results/e2e-5092024-app2-r1/snap_6.txt to file://../../results/e2evar-20260925-092024-rep/e2e-5092024-app2-r1/snap_6.txt
Copying gs://go-bench-15205-results/e2evar/20260925-092024-rep/results/e2e-5092024-app2-r1/snap_7.txt to file://../../results/e2evar-20260925-092024-rep/e2e-5092024-app2-r1/snap_7.txt
Copying gs://go-bench-15205-results/e2evar/20260925-092024-rep/results/e2e-5092024-app2-r1/snap_8.txt to file://../../results/e2evar-20260925-092024-rep/e2e-5092024-app2-r1/snap_8.txt
Copying gs://go-bench-15205-results/e2evar/20260925-092024-rep/results/e2e-5092024-app2-r1/snap_9.txt to file://../../results/e2evar-20260925-092024-rep/e2e-5092024-app2-r1/snap_9.txt
Copying gs://go-bench-15205-results/e2evar/20260925-092024-rep/results/e2e-5092024-app2-r1/snap_end.txt to file://../../results/e2evar-20260925-092024-rep/e2e-5092024-app2-r1/snap_end.txt
Copying gs://go-bench-15205-results/e2evar/20260925-092024-rep/results/e2e-5092024-app2-r1/tester.log to file://../../results/e2evar-20260925-092024-rep/e2e-5092024-app2-r1/tester.log
...

Average throughput: 5.3MiB/s
Copying file://- to gs://go-bench-15205-results/e2evar/20260925-092024-rep/jobs/e2e-5092024-app2-r2
  
.....
Copying gs://go-bench-15205-results/e2evar/20260925-092024-rep/results/e2e-5092024-app2-r2/snap_0.txt to file://../../results/e2evar-20260925-092024-rep/e2e-5092024-app2-r2/snap_0.txt
Copying gs://go-bench-15205-results/e2evar/20260925-092024-rep/results/e2e-5092024-app2-r2/snap_1.txt to file://../../results/e2evar-20260925-092024-rep/e2e-5092024-app2-r2/snap_1.txt
  
Copying gs://go-bench-15205-results/e2evar/20260925-092024-rep/results/e2e-5092024-app2-r2/snap_2.txt to file://../../results/e2evar-20260925-092024-rep/e2e-5092024-app2-r2/snap_2.txt
Copying gs://go-bench-15205-results/e2evar/20260925-092024-rep/results/e2e-5092024-app2-r2/snap_3.txt to file://../../results/e2evar-20260925-092024-rep/e2e-5092024-app2-r2/snap_3.txt
Copying gs://go-bench-15205-results/e2evar/20260925-092024-rep/results/e2e-5092024-app2-r2/snap_4.txt to file://../../results/e2evar-20260925-092024-rep/e2e-5092024-app2-r2/snap_4.txt
Copying gs://go-bench-15205-results/e2evar/20260925-092024-rep/results/e2e-5092024-app2-r2/snap_5.txt to file://../../results/e2evar-20260925-092024-rep/e2e-5092024-app2-r2/snap_5.txt
Copying gs://go-bench-15205-results/e2evar/20260925-092024-rep/results/e2e-5092024-app2-r2/snap_6.txt to file://../../results/e2evar-20260925-092024-rep/e2e-5092024-app2-r2/snap_6.txt
Copying gs://go-bench-15205-results/e2evar/20260925-092024-rep/results/e2e-5092024-app2-r2/snap_7.txt to file://../../results/e2evar-20260925-092024-rep/e2e-5092024-app2-r2/snap_7.txt
Copying gs://go-bench-15205-results/e2evar/20260925-092024-rep/results/e2e-5092024-app2-r2/snap_8.txt to file://../../results/e2evar-20260925-092024-rep/e2e-5092024-app2-r2/snap_8.txt
Copying gs://go-bench-15205-results/e2evar/20260925-092024-rep/results/e2e-5092024-app2-r2/snap_9.txt to file://../../results/e2evar-20260925-092024-rep/e2e-5092024-app2-r2/snap_9.txt
Copying gs://go-bench-15205-results/e2evar/20260925-092024-rep/results/e2e-5092024-app2-r2/snap_end.txt to file://../../results/e2evar-20260925-092024-rep/e2e-5092024-app2-r2/snap_end.txt
Copying gs://go-bench-15205-results/e2evar/20260925-092024-rep/results/e2e-5092024-app2-r2/tester.log to file://../../results/e2evar-20260925-092024-rep/e2e-5092024-app2-r2/tester.log
...

Average throughput: 3.5MiB/s
Copying file://- to gs://go-bench-15205-results/e2evar/20260925-092024-rep/jobs/e2e-5092024-app2-r3
  
.....
Copying gs://go-bench-15205-results/e2evar/20260925-092024-rep/results/e2e-5092024-app2-r3/snap_0.txt to file://../../results/e2evar-20260925-092024-rep/e2e-5092024-app2-r3/snap_0.txt
Copying gs://go-bench-15205-results/e2evar/20260925-092024-rep/results/e2e-5092024-app2-r3/snap_1.txt to file://../../results/e2evar-20260925-092024-rep/e2e-5092024-app2-r3/snap_1.txt
  
Copying gs://go-bench-15205-results/e2evar/20260925-092024-rep/results/e2e-5092024-app2-r3/snap_2.txt to file://../../results/e2evar-20260925-092024-rep/e2e-5092024-app2-r3/snap_2.txt
Copying gs://go-bench-15205-results/e2evar/20260925-092024-rep/results/e2e-5092024-app2-r3/snap_3.txt to file://../../results/e2evar-20260925-092024-rep/e2e-5092024-app2-r3/snap_3.txt
Copying gs://go-bench-15205-results/e2evar/20260925-092024-rep/results/e2e-5092024-app2-r3/snap_4.txt to file://../../results/e2evar-20260925-092024-rep/e2e-5092024-app2-r3/snap_4.txt
Copying gs://go-bench-15205-results/e2evar/20260925-092024-rep/results/e2e-5092024-app2-r3/snap_5.txt to file://../../results/e2evar-20260925-092024-rep/e2e-5092024-app2-r3/snap_5.txt
Copying gs://go-bench-15205-results/e2evar/20260925-092024-rep/results/e2e-5092024-app2-r3/snap_6.txt to file://../../results/e2evar-20260925-092024-rep/e2e-5092024-app2-r3/snap_6.txt
Copying gs://go-bench-15205-results/e2evar/20260925-092024-rep/results/e2e-5092024-app2-r3/snap_7.txt to file://../../results/e2evar-20260925-092024-rep/e2e-5092024-app2-r3/snap_7.txt
Copying gs://go-bench-15205-results/e2evar/20260925-092024-rep/results/e2e-5092024-app2-r3/snap_8.txt to file://../../results/e2evar-20260925-092024-rep/e2e-5092024-app2-r3/snap_8.txt
Copying gs://go-bench-15205-results/e2evar/20260925-092024-rep/results/e2e-5092024-app2-r3/snap_9.txt to file://../../results/e2evar-20260925-092024-rep/e2e-5092024-app2-r3/snap_9.txt
Copying gs://go-bench-15205-results/e2evar/20260925-092024-rep/results/e2e-5092024-app2-r3/snap_end.txt to file://../../results/e2evar-20260925-092024-rep/e2e-5092024-app2-r3/snap_end.txt
Copying gs://go-bench-15205-results/e2evar/20260925-092024-rep/results/e2e-5092024-app2-r3/tester.log to file://../../results/e2evar-20260925-092024-rep/e2e-5092024-app2-r3/tester.log
...

Average throughput: 4.8MiB/s
Deleted [https://www.googleapis.com/compute/v1/projects/go-bench-15205/zones/us-central1-a/instances/e2e-5092024-app2].
09:38:42 done e2e-5092024-app2 (Intel Cascade Lake)
Created [https://www.googleapis.com/compute/v1/projects/go-bench-15205/zones/us-central1-a/instances/e2e-5092024-app3].
Copying file://- to gs://go-bench-15205-results/e2evar/20260925-092024-rep/jobs/e2e-5092024-app3-r1
  
.....
Copying gs://go-bench-15205-results/e2evar/20260925-092024-rep/results/e2e-5092024-app3-r1/snap_0.txt to file://../../results/e2evar-20260925-092024-rep/e2e-5092024-app3-r1/snap_0.txt
Copying gs://go-bench-15205-results/e2evar/20260925-092024-rep/results/e2e-5092024-app3-r1/snap_1.txt to file://../../results/e2evar-20260925-092024-rep/e2e-5092024-app3-r1/snap_1.txt
  
Copying gs://go-bench-15205-results/e2evar/20260925-092024-rep/results/e2e-5092024-app3-r1/snap_2.txt to file://../../results/e2evar-20260925-092024-rep/e2e-5092024-app3-r1/snap_2.txt
Copying gs://go-bench-15205-results/e2evar/20260925-092024-rep/results/e2e-5092024-app3-r1/snap_3.txt to file://../../results/e2evar-20260925-092024-rep/e2e-5092024-app3-r1/snap_3.txt
Copying gs://go-bench-15205-results/e2evar/20260925-092024-rep/results/e2e-5092024-app3-r1/snap_4.txt to file://../../results/e2evar-20260925-092024-rep/e2e-5092024-app3-r1/snap_4.txt
Copying gs://go-bench-15205-results/e2evar/20260925-092024-rep/results/e2e-5092024-app3-r1/snap_5.txt to file://../../results/e2evar-20260925-092024-rep/e2e-5092024-app3-r1/snap_5.txt
Copying gs://go-bench-15205-results/e2evar/20260925-092024-rep/results/e2e-5092024-app3-r1/snap_6.txt to file://../../results/e2evar-20260925-092024-rep/e2e-5092024-app3-r1/snap_6.txt
Copying gs://go-bench-15205-results/e2evar/20260925-092024-rep/results/e2e-5092024-app3-r1/snap_7.txt to file://../../results/e2evar-20260925-092024-rep/e2e-5092024-app3-r1/snap_7.txt
Copying gs://go-bench-15205-results/e2evar/20260925-092024-rep/results/e2e-5092024-app3-r1/snap_8.txt to file://../../results/e2evar-20260925-092024-rep/e2e-5092024-app3-r1/snap_8.txt
Copying gs://go-bench-15205-results/e2evar/20260925-092024-rep/results/e2e-5092024-app3-r1/snap_9.txt to file://../../results/e2evar-20260925-092024-rep/e2e-5092024-app3-r1/snap_9.txt
Copying gs://go-bench-15205-results/e2evar/20260925-092024-rep/results/e2e-5092024-app3-r1/snap_end.txt to file://../../results/e2evar-20260925-092024-rep/e2e-5092024-app3-r1/snap_end.txt
Copying gs://go-bench-15205-results/e2evar/20260925-092024-rep/results/e2e-5092024-app3-r1/tester.log to file://../../results/e2evar-20260925-092024-rep/e2e-5092024-app3-r1/tester.log
...

Average throughput: 6.3MiB/s
Copying file://- to gs://go-bench-15205-results/e2evar/20260925-092024-rep/jobs/e2e-5092024-app3-r2
  
.....
Copying gs://go-bench-15205-results/e2evar/20260925-092024-rep/results/e2e-5092024-app3-r2/snap_0.txt to file://../../results/e2evar-20260925-092024-rep/e2e-5092024-app3-r2/snap_0.txt
Copying gs://go-bench-15205-results/e2evar/20260925-092024-rep/results/e2e-5092024-app3-r2/snap_1.txt to file://../../results/e2evar-20260925-092024-rep/e2e-5092024-app3-r2/snap_1.txt
  
Copying gs://go-bench-15205-results/e2evar/20260925-092024-rep/results/e2e-5092024-app3-r2/snap_2.txt to file://../../results/e2evar-20260925-092024-rep/e2e-5092024-app3-r2/snap_2.txt
Copying gs://go-bench-15205-results/e2evar/20260925-092024-rep/results/e2e-5092024-app3-r2/snap_3.txt to file://../../results/e2evar-20260925-092024-rep/e2e-5092024-app3-r2/snap_3.txt
Copying gs://go-bench-15205-results/e2evar/20260925-092024-rep/results/e2e-5092024-app3-r2/snap_4.txt to file://../../results/e2evar-20260925-092024-rep/e2e-5092024-app3-r2/snap_4.txt
Copying gs://go-bench-15205-results/e2evar/20260925-092024-rep/results/e2e-5092024-app3-r2/snap_5.txt to file://../../results/e2evar-20260925-092024-rep/e2e-5092024-app3-r2/snap_5.txt
Copying gs://go-bench-15205-results/e2evar/20260925-092024-rep/results/e2e-5092024-app3-r2/snap_6.txt to file://../../results/e2evar-20260925-092024-rep/e2e-5092024-app3-r2/snap_6.txt
Copying gs://go-bench-15205-results/e2evar/20260925-092024-rep/results/e2e-5092024-app3-r2/snap_7.txt to file://../../results/e2evar-20260925-092024-rep/e2e-5092024-app3-r2/snap_7.txt
Copying gs://go-bench-15205-results/e2evar/20260925-092024-rep/results/e2e-5092024-app3-r2/snap_8.txt to file://../../results/e2evar-20260925-092024-rep/e2e-5092024-app3-r2/snap_8.txt
Copying gs://go-bench-15205-results/e2evar/20260925-092024-rep/results/e2e-5092024-app3-r2/snap_9.txt to file://../../results/e2evar-20260925-092024-rep/e2e-5092024-app3-r2/snap_9.txt
Copying gs://go-bench-15205-results/e2evar/20260925-092024-rep/results/e2e-5092024-app3-r2/snap_end.txt to file://../../results/e2evar-20260925-092024-rep/e2e-5092024-app3-r2/snap_end.txt
Copying gs://go-bench-15205-results/e2evar/20260925-092024-rep/results/e2e-5092024-app3-r2/tester.log to file://../../results/e2evar-20260925-092024-rep/e2e-5092024-app3-r2/tester.log
...

Average throughput: 3.9MiB/s
Copying file://- to gs://go-bench-15205-results/e2evar/20260925-092024-rep/jobs/e2e-5092024-app3-r3
  
.....
Copying gs://go-bench-15205-results/e2evar/20260925-092024-rep/results/e2e-5092024-app3-r3/snap_0.txt to file://../../results/e2evar-20260925-092024-rep/e2e-5092024-app3-r3/snap_0.txt
Copying gs://go-bench-15205-results/e2evar/20260925-092024-rep/results/e2e-5092024-app3-r3/snap_1.txt to file://../../results/e2evar-20260925-092024-rep/e2e-5092024-app3-r3/snap_1.txt
  
Copying gs://go-bench-15205-results/e2evar/20260925-092024-rep/results/e2e-5092024-app3-r3/snap_2.txt to file://../../results/e2evar-20260925-092024-rep/e2e-5092024-app3-r3/snap_2.txt
Copying gs://go-bench-15205-results/e2evar/20260925-092024-rep/results/e2e-5092024-app3-r3/snap_3.txt to file://../../results/e2evar-20260925-092024-rep/e2e-5092024-app3-r3/snap_3.txt
Copying gs://go-bench-15205-results/e2evar/20260925-092024-rep/results/e2e-5092024-app3-r3/snap_4.txt to file://../../results/e2evar-20260925-092024-rep/e2e-5092024-app3-r3/snap_4.txt
Copying gs://go-bench-15205-results/e2evar/20260925-092024-rep/results/e2e-5092024-app3-r3/snap_5.txt to file://../../results/e2evar-20260925-092024-rep/e2e-5092024-app3-r3/snap_5.txt
Copying gs://go-bench-15205-results/e2evar/20260925-092024-rep/results/e2e-5092024-app3-r3/snap_6.txt to file://../../results/e2evar-20260925-092024-rep/e2e-5092024-app3-r3/snap_6.txt
Copying gs://go-bench-15205-results/e2evar/20260925-092024-rep/results/e2e-5092024-app3-r3/snap_7.txt to file://../../results/e2evar-20260925-092024-rep/e2e-5092024-app3-r3/snap_7.txt
Copying gs://go-bench-15205-results/e2evar/20260925-092024-rep/results/e2e-5092024-app3-r3/snap_8.txt to file://../../results/e2evar-20260925-092024-rep/e2e-5092024-app3-r3/snap_8.txt
Copying gs://go-bench-15205-results/e2evar/20260925-092024-rep/results/e2e-5092024-app3-r3/snap_9.txt to file://../../results/e2evar-20260925-092024-rep/e2e-5092024-app3-r3/snap_9.txt
Copying gs://go-bench-15205-results/e2evar/20260925-092024-rep/results/e2e-5092024-app3-r3/snap_end.txt to file://../../results/e2evar-20260925-092024-rep/e2e-5092024-app3-r3/snap_end.txt
Copying gs://go-bench-15205-results/e2evar/20260925-092024-rep/results/e2e-5092024-app3-r3/tester.log to file://../../results/e2evar-20260925-092024-rep/e2e-5092024-app3-r3/tester.log
...

Average throughput: 4.0MiB/s
Deleted [https://www.googleapis.com/compute/v1/projects/go-bench-15205/zones/us-central1-a/instances/e2e-5092024-app3].
09:48:35 done e2e-5092024-app3 (Intel Cascade Lake)
exit 0
